// Jest Snapshot v1, https://goo.gl/fbAQLP

exports[`CardError should render correctly 1`] = `
<DocumentFragment>
  <div
    class="w-[100%] min-h-[200px] shadow-2xl bg-gray-200 rounded flex justify-center items-center"
  >
    <p
      class="text-red-500 font-bold"
    >
      Unexpected problem
    </p>
  </div>
</DocumentFragment>
`;
